<?xml version="1.0" encoding="utf-8"?>
<TestRun id="af281b37-c7b9-4c7c-af0c-fec0c346c199" name="Taliq@ATLAS 2024-09-12 00:01:27" runUser="ATLAS\Taliq" xmlns="http://microsoft.com/schemas/VisualStudio/TeamTest/2010">
  <Times creation="2024-09-12T00:01:27.0236829+02:00" queuing="2024-09-12T00:01:27.0236830+02:00" start="2024-09-12T00:01:26.4474037+02:00" finish="2024-09-12T00:01:27.0312139+02:00" />
  <TestSettings name="default" id="bbe44b03-49eb-4b20-9d7f-d2ad94a4face">
    <Deployment runDeploymentRoot="Taliq_ATLAS_2024-09-12_00_01_27" />
  </TestSettings>
  <Results>
    <UnitTestResult executionId="1ebe18a9-b2cc-46ea-bd99-ff1725a3e6ff" testId="f8ee9b99-040c-4941-c888-7b4f6c3a466f" testName="simpl_cine.test.UnitTest1.Test1" computerName="ATLAS" duration="00:00:00.0018398" startTime="2024-09-12T00:01:26.9032626+02:00" endTime="2024-09-12T00:01:26.9032787+02:00" testType="13cdc9d9-ddb5-4fa4-a97d-d965ccfc6d4b" outcome="Passed" testListId="8c84fa94-04c1-424b-9868-57a2d4851a1d" relativeResultsDirectory="1ebe18a9-b2cc-46ea-bd99-ff1725a3e6ff" />
    <UnitTestResult executionId="a7b07092-2aa2-4bc6-a125-7f749d43dcd3" testId="bbeef822-4582-e069-4dfe-347899ec8456" testName="simpl_cine.Tests.WeatherForecastControllerTests.Get_ReturnsValidTemperatureRange" computerName="ATLAS" duration="00:00:00.0005075" startTime="2024-09-12T00:01:26.9411487+02:00" endTime="2024-09-12T00:01:26.9411488+02:00" testType="13cdc9d9-ddb5-4fa4-a97d-d965ccfc6d4b" outcome="Passed" testListId="8c84fa94-04c1-424b-9868-57a2d4851a1d" relativeResultsDirectory="a7b07092-2aa2-4bc6-a125-7f749d43dcd3" />
    <UnitTestResult executionId="8ceb8c42-8797-449a-b0d9-576d1ea68737" testId="f388b4cd-ed39-e0d7-cc61-7a25a9ecc6fa" testName="simpl_cine.Tests.WeatherForecastControllerTests.Get_ReturnsFutureDates" computerName="ATLAS" duration="00:00:00.0385623" startTime="2024-09-12T00:01:26.9358842+02:00" endTime="2024-09-12T00:01:26.9358844+02:00" testType="13cdc9d9-ddb5-4fa4-a97d-d965ccfc6d4b" outcome="Passed" testListId="8c84fa94-04c1-424b-9868-57a2d4851a1d" relativeResultsDirectory="8ceb8c42-8797-449a-b0d9-576d1ea68737" />
    <UnitTestResult executionId="273d6068-ea69-4528-aff1-139b6e757fee" testId="df347e9d-4279-a213-4a58-00db54cf0402" testName="simpl_cine.Tests.WeatherForecastControllerTests.Get_ReturnsFiveWeatherForecasts" computerName="ATLAS" duration="00:00:00.0046525" startTime="2024-09-12T00:01:26.9405879+02:00" endTime="2024-09-12T00:01:26.9405881+02:00" testType="13cdc9d9-ddb5-4fa4-a97d-d965ccfc6d4b" outcome="Passed" testListId="8c84fa94-04c1-424b-9868-57a2d4851a1d" relativeResultsDirectory="273d6068-ea69-4528-aff1-139b6e757fee" />
  </Results>
  <TestDefinitions>
    <UnitTest name="simpl_cine.Tests.WeatherForecastControllerTests.Get_ReturnsFutureDates" storage="d:\data\kevin\documents\codage\api-gateway\simpl_cine.test\bin\debug\net8.0\simpl_cine.test.dll" id="f388b4cd-ed39-e0d7-cc61-7a25a9ecc6fa">
      <Execution id="8ceb8c42-8797-449a-b0d9-576d1ea68737" />
      <TestMethod codeBase="D:\Data\Kevin\Documents\codage\Api-gateway\simpl_cine.test\bin\Debug\net8.0\simpl_cine.test.dll" adapterTypeName="executor://xunit/VsTestRunner2/netcoreapp" className="simpl_cine.Tests.WeatherForecastControllerTests" name="Get_ReturnsFutureDates" />
    </UnitTest>
    <UnitTest name="simpl_cine.test.UnitTest1.Test1" storage="d:\data\kevin\documents\codage\api-gateway\simpl_cine.test\bin\debug\net8.0\simpl_cine.test.dll" id="f8ee9b99-040c-4941-c888-7b4f6c3a466f">
      <Execution id="1ebe18a9-b2cc-46ea-bd99-ff1725a3e6ff" />
      <TestMethod codeBase="D:\Data\Kevin\Documents\codage\Api-gateway\simpl_cine.test\bin\Debug\net8.0\simpl_cine.test.dll" adapterTypeName="executor://xunit/VsTestRunner2/netcoreapp" className="simpl_cine.test.UnitTest1" name="Test1" />
    </UnitTest>
    <UnitTest name="simpl_cine.Tests.WeatherForecastControllerTests.Get_ReturnsFiveWeatherForecasts" storage="d:\data\kevin\documents\codage\api-gateway\simpl_cine.test\bin\debug\net8.0\simpl_cine.test.dll" id="df347e9d-4279-a213-4a58-00db54cf0402">
      <Execution id="273d6068-ea69-4528-aff1-139b6e757fee" />
      <TestMethod codeBase="D:\Data\Kevin\Documents\codage\Api-gateway\simpl_cine.test\bin\Debug\net8.0\simpl_cine.test.dll" adapterTypeName="executor://xunit/VsTestRunner2/netcoreapp" className="simpl_cine.Tests.WeatherForecastControllerTests" name="Get_ReturnsFiveWeatherForecasts" />
    </UnitTest>
    <UnitTest name="simpl_cine.Tests.WeatherForecastControllerTests.Get_ReturnsValidTemperatureRange" storage="d:\data\kevin\documents\codage\api-gateway\simpl_cine.test\bin\debug\net8.0\simpl_cine.test.dll" id="bbeef822-4582-e069-4dfe-347899ec8456">
      <Execution id="a7b07092-2aa2-4bc6-a125-7f749d43dcd3" />
      <TestMethod codeBase="D:\Data\Kevin\Documents\codage\Api-gateway\simpl_cine.test\bin\Debug\net8.0\simpl_cine.test.dll" adapterTypeName="executor://xunit/VsTestRunner2/netcoreapp" className="simpl_cine.Tests.WeatherForecastControllerTests" name="Get_ReturnsValidTemperatureRange" />
    </UnitTest>
  </TestDefinitions>
  <TestEntries>
    <TestEntry testId="f8ee9b99-040c-4941-c888-7b4f6c3a466f" executionId="1ebe18a9-b2cc-46ea-bd99-ff1725a3e6ff" testListId="8c84fa94-04c1-424b-9868-57a2d4851a1d" />
    <TestEntry testId="bbeef822-4582-e069-4dfe-347899ec8456" executionId="a7b07092-2aa2-4bc6-a125-7f749d43dcd3" testListId="8c84fa94-04c1-424b-9868-57a2d4851a1d" />
    <TestEntry testId="f388b4cd-ed39-e0d7-cc61-7a25a9ecc6fa" executionId="8ceb8c42-8797-449a-b0d9-576d1ea68737" testListId="8c84fa94-04c1-424b-9868-57a2d4851a1d" />
    <TestEntry testId="df347e9d-4279-a213-4a58-00db54cf0402" executionId="273d6068-ea69-4528-aff1-139b6e757fee" testListId="8c84fa94-04c1-424b-9868-57a2d4851a1d" />
  </TestEntries>
  <TestLists>
    <TestList name="Les résultats ne figurent pas dans une liste" id="8c84fa94-04c1-424b-9868-57a2d4851a1d" />
    <TestList name="Tous les résultats chargés" id="19431567-8539-422a-85d7-44ee4e166bda" />
  </TestLists>
  <ResultSummary outcome="Completed">
    <Counters total="4" executed="4" passed="4" failed="0" error="0" timeout="0" aborted="0" inconclusive="0" passedButRunAborted="0" notRunnable="0" notExecuted="0" disconnected="0" warning="0" completed="0" inProgress="0" pending="0" />
    <Output>
      <StdOut>[xUnit.net 00:00:00.00] xUnit.net VSTest Adapter v2.5.3.1+6b60a9e56a (64-bit .NET 8.0.8)&#xD;
[xUnit.net 00:00:00.06]   Discovering: simpl_cine.test&#xD;
[xUnit.net 00:00:00.08]   Discovered:  simpl_cine.test&#xD;
[xUnit.net 00:00:00.08]   Starting:    simpl_cine.test&#xD;
[xUnit.net 00:00:00.16]   Finished:    simpl_cine.test&#xD;
</StdOut>
    </Output>
  </ResultSummary>
</TestRun>